5EdUoB7YUY9zZV+2DkgVXgho8WUvp+D+6KpeUOhNQIM=,www.google.com
Xr3f8bqDY0Yq/z1mV0tHv+b+RAqrb9EOzn025G1Po6s=,google.com
hK2Ll4B2Lc+A683mcyky/tK269n9l3mjwSC9M/LiaVw=,com
jY3WZ/euW1Cj9dqyBGft5sGafpAINoKynr7n/PnwKYA=,www.google.de
dAj4qIlilM1Y0AX5o4eHWxhwjnSJnn7uQok4nCkYZsg=,google.de
CACJOEnVS31NNQDN47PtsWM1J3UjlbkgJQXMhy0RR1s=,de
+2d9kUfMIx92ZVJdRjnRSxThvxovEZ0tCsn5RhkqYXo=,www.google.fr
E8JJWepYbcyiUbpAy9vboWAyMdQTDVIuiVFEzwR/cB4=,google.fr
3RksD3ts6uFwqyNdtYIRX99Q/TzQ9Pe+uINXaOUn5OQ=,fr
t3V3olN5GegW5ffIucdxoSMmBRqVLJzIaF5zI1Vb3x8=,www.google.pt
iJID+rMCYs9lWFPk+S56U1WSNbPQ1PeM5G5OYSm/edE=,google.pt
ltUws0b9qjPRFeKGFyynpmDX7CGKbKAvrlgw2qQ20xg=,pt
YIxyo5F5zbOfZop+gGHr4CmITv4oa9f/2mUSdAEIQ4I=,www.google.es
E8elexYHk/1SE5XDPuMxfbxzRMeTBCgavsSKurSB6ps=,google.es
nwKOtB9Hz/hy7R1/voaKejAi+QBVZzMmbOCLA6Fwy5U=,es
M4bfUnCmQAi4PNb3B8aI/2+SVJhHKsMfMMT7fzi6ij4=,www.googletagmanager.com
1+Ul/XQt7LBXeYnrxwts6YAUCwZaFupmvggXxoR2CdU=,googletagmanager.com
8/RrMmQlCD2Gsp14wUCE1P8r7B2C5+yE0+g79IPyRsc=,accounts.google.com
KSH0DlIipu3gTavPkGKLQfL3Xe5yc6qtwTJJNqV7p1E=,meet.google.com
t4P2CEBz3oL9ns14psRvXLZ5JbYnOSSmw7/wMEsyesU=,developers.google.com
EcRUyCRHJJkTS5XGVK9WOwh8i/nVli9DX9Jt31ar0Go=,peoplestackwebexperiments-pa.clients6.google.com
Bkevbn0KVjj3qegMc5fj/hUPfrL2diOVYIMwI/5zzBM=,clients6.google.com
tcepaJGt5hpgXatg5Se30XoXbw9x0dctR1xQuk0sgh0=,blobcomments-pa.clients6.google.com
nAuqgR4iEWti7SOdT3UHPl6rmZU/DeaIm38P2O2OkgA=,fonts.googleapis.com
yYWWRLeIyXtUTvlDHjkUGUOYL8TczyBQwTs9TLSLUeM=,googleapis.com
kYxWDeIDVgesBS02XkmPRTIpB0nkimBvKZESXctn8eA=,www.youtube.com
QyliVa0sR+b3vbtWXXDOWR4Pg2DU+cku+0x1e5jqW9I=,youtube.com
sDdUHFeNXQYN3ZmOGsRDJNdZ+IwkPs1LrXOjilyGul0=,www.youtube-nocookie.com
PGLNP8p87c3wYS9vcdoa+EXb5e3HaPQ1kArTw7//QF4=,youtube-nocookie.com
Imip1Y7nHfPZTYQgI7EifDZOyiqlFeRT0HU8heztW1Q=,s.yimg.com
Aa2xs0GlAs2BBlolVoVgdgPC4ExR0Mi3O8cC1dq6HHI=,yimg.com
fpYXbo+ofj+w+bnBRxgu5pICDb3JIiS22HrTr4lEtoE=,ct.yimg.com
aYxTdlPak6FHWEgVDMmQFqv2V9TYcLqO5r4sTc/Ga60=,www.paypalobjects.com
8FQgP1k9OSDVjd81zN0AIShZfGVKmcmtmM9jNurGEbk=,paypalobjects.com
rW+wYIpa775r/ltnG64XJN/3ymSAvf9uipSc/e4oDpM=,www.paypal.com
rUaGsQTnE8Nn7aGuDFM01g66n6l5EUhPtaLfEvzEJWI=,paypal.com
UG7Ma1QIKbDjoaBNIpWBJvORmdV/E9M9dKgepIYIBEI=,c.paypal.com
zPgYPT27LcOliBROU4VQO4/OGRLdHIzsGKB03xN4lNs=,a.tile.openstreetmap.org
bWGAftl61rqoc0YzqPncsLvQQh/iC2Bdp3ejUeGC83w=,tile.openstreetmap.org
GuWrLxI6xz24R+37L/NEeoDkzNkyEA6sf03B4GsuayU=,openstreetmap.org
Xnpq8TNbJef9U8iy+G8sbbx6WuW282v93Ot1Fstg3Dc=,org
WhqEZy32FMwe1ronN0HIGTBRIsyBrAVh+UCLhgFuktc=,b.tile.openstreetmap.org
Vtym4AmX8lwQhhwXjS9cn9uELz5WXyjLvyIFqEpZK4E=,c.tile.openstreetmap.org
CkqM/6xOo2yvAxU/cmQuTgCjoALctrZxFT4jePvcQMs=,wiki.openstreetmap.org
fvF85/9rfWXzbzx38lOe2uKPsmeTvVwK4SRfJOnvQT4=,help.openstreetmap.org
E/smWnkTBqaUhK/ktB9uMxT40+zjmXSZxFS9kR6WIwc=,taginfo.openstreetmap.org
QzBj12rfn9NQ0kfcEBYJddDiJ8xPm2nfQeB6U+zqPks=,forum.openstreetmap.org
kMyblZSEL4UMYPcXKL2UwKYgjv0SDB0ug8swEpz3Gd0=,pixel.spotify.com
PyZ89PpTy7sfEDSZ9+C/0IHhNPceoK1wf/vRw2BtEEc=,spotify.com
a84zOhoC4Q1y5PWL4i303mkxiSBjeNDbCiRikDqIUSI=,pixel-static.spotify.com
ly2aiEvas7A0HHanWtzpcGU1eBdWUoerNIMomjOOqGc=,www.spotify.com
Wwl+WLnAj4d2gE3qiMO/6/AoDTtAB/T3RrcLmoPqKZ0=,open.spotify.com
1JgXiW1kzhqONCA8NHXIlDjnkXWQKjH8JWSrBiyiVow=,apresolve.spotify.com
8sWkSUQhHLAGpIqU8ABGxQ7OsouOc0uD/Ygh1xWIQXA=,gew-spclient.spotify.com
o2oGFfZkps1NfT6asVPXqcBtIJRMNNqoO1jKhddjlmY=,spclient.wg.spotify.com
+IKaZ1W6l09uEDZyYRaGd4z8aKEiOTwvB4jLIbUORZc=,wg.spotify.com
AVsuOZgBg0wdpKMoxm8zihjqET8kI4Xl8bCSMk28RsE=,www.microsoft.com
r7wyrTY3SwmMv+9L1Vqm5FHL0U1UwcbT9z2cHgkolmg=,microsoft.com
nRrf9f1Z15j5iimC2KCDAMKHF+/lBWywMT0/Xpjhou0=,support.microsoft.com
SJmkub6qILmiXuCfpnrISN7PwRKDY4h8YcvxIFFiWW0=,teams.microsoft.com
icGyGvqpS8jv/sDUUd14pbL48NzMjga1DwJhTJJm0PY=,eu-prod.asyncgw.teams.microsoft.com
pF+4FHWkpx8UzIdboNX1LTf6Z8efz5BAMRkE6CopHpU=,asyncgw.teams.microsoft.com
EvFLHEelTRciT49AnLYOj5Ks0/rp6/esZIt4Q67cVzk=,social.microsoft.com
F8CDsiT0h6lTN4Nqwoyb2wNyqqjWSTsRj/gzlYU3NfY=,login.microsoftonline.com
5KlgYqHXlkzRpfJFs9tkq0R9UjVKy3HLGarqewQ+Qdc=,microsoftonline.com
6DTC+FNHQluhgB1GkAmvRajv6OOJPNZJC3rmKD7VSdI=,i1.services.social.microsoft.com
m/K6RYfNZ+QeUHw23wMsZ0WtMQl+gj7rVyON2E1bF4g=,services.social.microsoft.com
a9L0xQCnGVJDkbsfcP70RJykIIDFC5cJX/InA3wiLro=,devblogs.microsoft.com
Mc9cpEZTDBYe4SFFk1YD1GalSGdtSa8g5N8AP1yzXhA=,widgets.membership.s-msft.com
1qOfb5aQfPsGMmcGlKAj6lVOdiIqBhzChgyTyOLlt14=,membership.s-msft.com
5KReh1dad9IIfsGysHXP9hQ2CGk/+qP9io6e12b/wFA=,s-msft.com
3IAXY+MX7d42y3CYpDc+xK+fcomNQqRFEmkB/D5L5GQ=,i1.social.s-msft.com
FPhZZcxDed8YNCr3sh6L61cHIxjEOtECu0kjQpkHOYU=,social.s-msft.com
E2grh36KYBPKcpj8t8jB5P5zpjI7nyFG6NVRcHFibQ4=,graph.microsoft.com
SE7+Gk765m4anEXEr1z6r1vbmryAKYPZ5SnEQG7atOM=,update.code.visualstudio.com
QKmY3BmE7X/qivMvQdGV4i/aLZjqoCfyhHTMGDUI9zk=,code.visualstudio.com
zGikX1XuuU9lU9P/b1kBkTkSyWI5eO1ztBcKqSqbEo4=,visualstudio.com
UXQ1RqbZvN5XJ9hrutzZCkOJ+Bj+4BFSw4rlQVaHvbI=,az764295.vo.msecnd.net
nN/FwJy+MLSC6IUwjG6tBf3kQ6/4ZZYaF4FOtyT7a8k=,vo.msecnd.net
UyoJ60x8ImK+qYzh2jAoBIfIPTk3DdUtUra0btrxVO4=,msecnd.net
Mg6il4AUWI/85RtTsh6SXfHOLY6iliIDUB52EX8aS/M=,net
bvX4PpTCW5oYCQv3FySIixdkmM+paN/l+o4e/8K1m3o=,marketplace.visualstudio.com
mOTzIPs2jni0+RMxaQ4k1SZP4QbBM1awmMvc07ndqcM=,vscodeexperiments.azureedge.net
lRJTDld0UJX6lVn7YGxz5s01l1IjLS9JlDVSjBzKe0c=,azureedge.net
eV7rJkbf8i0dM+33qdQPQa9V9XwIUTFwkImnl1rteLc=,visualstudioexptteam.gallery.vsassets.io
gU6ewEdG06RB12YVfH2XmkgYhyNRhhFZWow7ioay7jg=,gallery.vsassets.io
Q8xcy+p6MXs0T+tSRJP0hCVLiLvZG6pDnTnfG4Dr0iw=,vsassets.io
3LJ7sBzG86O76miXUwTb1YgHiHYe0Y4Kc4D+9yVhbsE=,io
u4bwtsPr0hEiESEs3Y2VdqZIvIViR4cj8HCyxyyBwSc=,ms-dotnettools.gallery.vsassets.io
84P41OapgYAr31k5K22QtGK1XTrxSNAjrm/EGuqcKp8=,vscode-icons-team.gallery.vsassets.io
VvrgPkvw4L0iHd3z8L3cBoEvTMIcWwPERFz0JarvBaQ=,visualstudioexptteam.gallerycdn.vsassets.io
lyStQdjQwYnp5sZEEP04LOAk1DPMraT/TbKCAIMS+ls=,gallerycdn.vsassets.io
BYmcvEoBJ0UfCXoqVmQIvcqq8fdDU0NAqE7SBF7ZZrg=,ms-dotnettools.gallerycdn.vsassets.io
CRJPptwXrfHgxUsYPVQNNLUN+aIjxNHPt4ctw4xN194=,vscode-icons-team.gallerycdn.vsassets.io
4cSRm3ZaWx4KVCd+M3ed0gO9bp0ajI76eY5o5OomVHI=,default.exp-tas.com
OZ8cnogRwT2gi74YGXLhVpjgqcpYcHMaf5G3MdZJKx8=,exp-tas.com
9qE8/MEw+kJcGViP58V48DT2kL9AgYEnh9gZR0xi0ZU=,azuremarketplace.microsoft.com
mECsXLTecbpSU/0USqWJgQJNF3CPlKb7yetyE36rvks=,www.ebay.de
tdHuB7oy/DprUe6Hk+uAHxG+/Q6BdxweNUf9YDr8Zhs=,ebay.de
8na2dntdsCSSUkpT4WOY5+zjdkpavaJH0t7Rt85RG3k=,www.ebay.com
HOqvBl+V5dqUd0AYgu7nR5GJle8J9ye/sq25CqIXOjk=,ebay.com
3MOOcBaoMepnSTWOrBfqV5kWGpm0GYeVvRI4gFIF8kk=,i.ebayimg.com
Ak9BjPx7rgcrJJBH10BIQGfzAw3Li+lMSBEIVw0V6GU=,ebayimg.com
HVTO57/6xqgk6N/qJ32KgK2B20cZnUZvKfGOhX4HAkQ=,feedback.ebay.de
1PHrPYO4Eb1mIWvRi54cFskL+EHEZlNV8fcrmxVFST0=,feedback.ebay.com
HhDmwlD5eIPoK6vx29NiiQiiY5geBLpudWfJWiHXcac=,my.ebay.de
DnnvJrMgY+lZwp+YFSs5YKzb8S68IPh9f3cC3g5kRW8=,my.ebay.com
DpfjIldIGYAA5T+H2z6aYjYl44wHh5Zagb+bdSctS/I=,gha.ebay.de
Bs26LfZ0vlaaCwKKVmPhrliA/az4WN5VKSqDlQKRmD0=,gha.ebay.com
y1MyDNNI4xuygOzgcY6ZRrvoeLF8NrYaPp7kkz/g+5M=,cart.payments.ebay.de
WndE73bDzlHquJTrbj0SbgtmfGlGQdaLWTOoSnreakA=,payments.ebay.de
yjpJyFV0hw75THEC/AYQYZZ073g+UBO8wJdg8Csvw8M=,cart.payments.ebay.com
KYNPEJYgQapcU+rX+aTFyEoRvQ5hEYqnKW23USBhSgE=,payments.ebay.com
oSKB4Kag9ySXjgr2ixX/vvHQjzZM5XMHGszPDHsU3HA=,mesg.ebay.de
AU7KyIv3mlCs4JVdt/iC95+Jnjfzjw8k0osS/d1u1fE=,mesg.ebay.com
mjVlhSqrJ03m9nb2VjxySFQP/A7elAzBjLa9pdLCeds=,vod.ebay.de
nQP9i0X4mdk+yIFM4XG3TY1rNTrqqdE78GubhZafblI=,vod.ebay.com
58JfCb48/Mg7Jlj3nXfbFLABL6Ewa1ZGlo7RGPKVIpo=,pay.ebay.de
ByAFrsulRGQnToDHjXdQQGvGUMBIPIEsYLNWHGAtULI=,pay.ebay.com
3QHqIN7dsnF6pPDmV5O1iCTvNzjdUtSbG7Ve/OQZyX4=,signin.ebay.de
+jKbP1f0Je5FNa9HhjYwipzlbvbF7huz+eNxelUQ5nk=,signin.ebay.com
2wJWRFNbx+5x4tIwjAbsPgpJa4TbQa6fGpdcln7W/bk=,cgi6.ebay.de
s39TY9wEUlLWOwZpT4YUxEHSHqZCoKOQjd2YIIDvcVc=,cgi6.ebay.com
k0cdGjaRrBT8YxUp3uzhkjN4abAjFCe6bZL0sHQHRto=,wiki.debian.org
J5USM/3sOmt2esKNzfMZjJUXgE8wp4qWH9gUgN/Rums=,debian.org
TgiYIKrjv47YZ6ZKGE16YDUQvj/lMGciguyxWaja3m8=,lists.debian.org
YBswcLuyIQIveNw2apK1UKBiQuYHj8rujIbk3XpADEA=,packages.debian.org
bzx86XvOsOQdQU5kIrPYcphmwcoS2CyCJZZklB48odM=,tracker.debian.org
iTca8SBpHaKYTUpvXoTxIrE6e6ClACYxbfYMD34LeDM=,www.debian.org
Rj4rzRJY2+63NCxzmL4O7P//KjcM+zIjU+BswFsA7GE=,bugs.debian.org
n7Cv+TSVbUelwae5VwbhNCd3oA2RsTkUOec/L/hOlAQ=,salsa.debian.org
6giBkeBGa82PynzN1bTxcAFhf7Dq3bHwcAGVz6Rh8zA=,www.medium.com
yjjWRNGrK0m92yJmNp/3bh8/euRD1zuKMUmcjtezjTs=,medium.com
dJkUH4g/v6PPjJqdvxT9lotuem9ubyrt1TOu5lLJfL8=,glyph.medium.com
wjorJwsaZFs9QuvYK5ylvAfdS8CK2UerfB79p62t3+s=,cdn-client.medium.com
qmryyxKKV1aWjQpnq4q0cBmDn9q6bAe/rqoUpkHTbyY=,cdn-static-1.medium.com
P44/s85LOS30fe0AjOFt2UqU7sXYOeQKYjOqoOS3axQ=,www.duckduckgo.com
qhkH9gdxKhEU9AtSpJdNby361kf6xFvaSDsh29+guzw=,duckduckgo.com
XZhjcdN96nDogDfUP7TvdaIj7680+TfKuxlufWmi/pk=,images.duckduckgo.com
vMpkzHvxYj8n+3hdDlpiiEyS2pXlERvz3EcPJF6mSTs=,links.duckduckgo.com
akP2e0NTMe7KN2UIzZ5xIcTyEs+s14WhaqfK2aV8d30=,external-content.duckduckgo.com
IMmEq4iiOVkkaBC6vUyjv31jqS9XCQXEnmyFYZ7MREE=,avatars.githubusercontent.com
upOwEWC2euuojxraQW0AWKz76/0GQsp2f9hrx+JSlhc=,githubusercontent.com
kkB5ib/+M7npcrRR7ZcVsOzujXBba6S9s0C/7USAGao=,avatars0.githubusercontent.com
qOq9d3Vj/FCJMQBeLoGIOe5T74snNp8yRtzOZDIEwwo=,avatars1.githubusercontent.com
a3B8SKjLD5tirvmv/z7o9v4o14J4mMF9RqvzuL7/H4M=,avatars2.githubusercontent.com
IOm8EqmCuxTAkUzf220T3cMBmvINcTbr5fs5zRrRP2s=,avatars3.githubusercontent.com
dIsI2buJU03Gk+THOFWmwxSsKSozjiKfCZJTx8Jn9aI=,camo.githubusercontent.com
/Io2PStL7/jvcod3tT0jPo73HDnRILY4Di46SHjGwTk=,raw.githubusercontent.com
A9wv/rtA2JpPBPf+9jbDbEXSJscpd5MKoDSEGKnK028=,github-releases.githubusercontent.com
RSppokZ1kANM3UybtnoVWNJQxxnIIPFCb7DNQe5s+/c=,github.githubassets.com
sXjrqKZQn6bkoS8pJ0xcpGnlCEgkyWzjwyHtwEgWrSA=,githubassets.com
Ifty0kmGtBkqpzyRNEJ2iccvLpOffAEtEf72UjNCr0U=,api.github.com
bVzOnu6xyelN8iVLDSbFjyZVgXrXDyLSokjnq2hdUFs=,github.com
dFB/SqB3gDTReAUIQ5sHasElOGkcdqX76nNyNRcqws4=,alive.github.com
9aciWlFiXyXUMnN8gc8czZfWhWeYLc83+UZO6+ulfPA=,www.github.com
vfOfIzO182P+C5rz+0lrCuuYXZ3sQFdq0qm6SKdxFpE=,gist.github.com
4Yjn/YVBjL1M875g8fLAJxHTqElkWKzALSKCJc8f170=,codeload.github.com
Vo8iWHs7rvAWy5nxWDCqrw38E0lDPeyVqMY3eInehDg=,cdn.rawgit.com
wjWC8IwaTqWk9ief6R6r3IKLaFtHNkcOX6p2tSEGbXk=,rawgit.com
E10e7Gwg5+phsYD4E8qNYFsQySXnIHPAfo4zloUPESc=,cdnjs.cloudflare.com
V7arV2IBNBqIk8UbZ+rx1x5NP5WwJrFJ9KW8/e8a0CE=,cloudflare.com
B2Un8NQXw1kXaRd8x1xnFYDo7aGc20+usu+hluII7+E=,www.vimeo.com
jEkU5A4GidhYsdqfVOKLfOY6neEW/PIQ94Z2rmtjKGQ=,vimeo.com
YkShQ/gtROgeLN+DIPuXqOKZPnlNzRZ2CaurTbeKmUQ=,player.vimeo.com
jx810q+9ZXBlFAzWcE7qnOtS1VXDAJBTyY82WGfk4oY=,www.wordpress.com
Vb0w+3OHR96lNLAicIzlwshtrF2JEikncAIyEnW6WkY=,wordpress.com
ujipNbqyfVB9wTnhq42JepyrVPe6a41IUp4rBUYaUuU=,jetpack.wordpress.com
BWwhvb/8EbduYMidp0let6mubb/EB+1+iV2gYDOXaVM=,c0.wp.com
ljij3W3ubMrQX/IAlF0QS4y5AdPTVT0c6eTEm3Wbe2g=,wp.com
j01HUHirFGAhWP6pfR603jXeFf9s225KzM3hvM6cTuo=,www.wp.com
hLbLy8z4T3FMdw0RKS6c2lt0MCDVpAtkcxFJX0zra58=,public-api.wordpress.com
Q+FCtpiGM4NLKIfE4hEPfLkVmtda48FEGW4SDDtrSq0=,upload.wikimedia.org
ZZ+7ffU50nnzm2Wkyv0K5qqlVVgJ8UcMqxZOsbM9c6I=,wikimedia.org
bW+HHP/yKMTb6DIqcF+QTFmDGQ3+QYWFiiu1Juufsqg=,maps.wikimedia.org
7MWbvr8s04b2ca6mJ/CLsEP6/NgKTZ5+cG+VG8JZm/Q=,meta.wikimedia.org
jnZHPu0XpiTtrRQoTUtTzhvVLYegeHAKXucPJklFap8=,commons.wikimedia.org
LW0ggP0wFUkUCVEZRzlBr03F4FE5XcSqRUkwE1I4qaU=,www.wikimedia.org
4tN+hyhTQGfSuGRT9I0dPL63WEnX4lPjeZmguc8vVXU=,cdn-rawr-production.global.ssl.fastly.net
ioVt4f8dwdA3C9J8wvzafnQlf4/pZOE3SFrX0KNPQf8=,global.ssl.fastly.net
52hHLwB1tl7ewGlx6C+h/6zabVqyWuwVRsAl/HvL8w0=,ssl.fastly.net
JVsl6+FvQ3xLJrrLUqnfcUj27xllDBdWeLvsXHXFdKs=,fastly.net
EXA2Ef9W5lbuadoB4zW57Vt0d8ncoOFVKJdNysPwV1M=,accessibility-cloud-v2.freetls.fastly.net
bP0lXtKC2Dijg+GYg7LTEorrzg5+YdVwm4nbGSqoE/Y=,freetls.fastly.net
kgoAu5f1oNNkEw3HUsnsMK8nj5rt5pjWynr3bH+lT+Q=,m.stripe.com
OQL5lbCj0KWKVERpLJZm7Q/nUEXkdHAd/RgO5kWAs8I=,stripe.com
0oFmTXCSNYAd9MO5I1CTIOeB2pfYsTCq1thfr+zV3n8=,js.stripe.com
c/W+ZspMpyGX8rz3nm34bsWrW9lyFRLOpVLFvhmlb6Y=,m.stripe.network
Kxxfi6qybH/JOQTyabKlpJnrV4bUCCnRd9li2KypD9U=,stripe.network
wFAFK4c8viNlL56M7JehoBud+0lMkPxmrCWXYiAZNP8=,network
CcJA3Ic1dEsDtRFaCfMSYBBuNHyn43Ub+y2W2xHsVDo=,p.twitchcdn.net
IbojB1R+d8LxOTuU6gxNGypArdK8gO/AX7ndAQTm65k=,twitchcdn.net
9P/TMNCAw36E9S26vmNRInxPrgLwYVv6zWMfedfGKuU=,clips.twitch.tv
UYTOVNQhNXwEZ+nD+YJRmGronsQ2vikusev4cIAeDBk=,twitch.tv
FbZT5bV013G9m47AKoXGujnUBt6fDjt81PgYY1Mymys=,tv
4T+CAu/NeyBfuZ3SgpJtDJeqaQBtOfBXJ7O3Q1zD+pM=,www.cisco.com
9t4g8gHUo9t8JSvSezBtAWWslxCKgwsDj45U8imdTpg=,cisco.com
4s6QIFM4fyv79/dwiyp8tA/i9gAbvctZ/WS5/jlt3lI=,content.cisco.com
Su9+XAhCKDwlxHS1IFqXfRPqEsrKwxxb4n7Zi9Tvi+s=,mktcs.cloudapps.cisco.com
pG/uQbZa/u8HxPq0u5eRaS2NsUf6zOwkhHI3lBIS3Ng=,cloudapps.cisco.com
8tmA1LxSmApUyfcXpuqeWolRcIq4a2uTLCaKZU/37uw=,sdwan-docs.cisco.com
pu2/v+b1eiSL9SKr8yBte3LW23X/10NzJocC9Zca2G8=,mcc-tags.cisco.com
n/aAepOrKzJLQDOFnFTCw8doTv+u4e+4Tzu7Kun/DKo=,quickview.cloudapps.cisco.com
3VwZweAZwdtbxxLcJYEpLCMwx74df2MxF/0CNVfGKsk=,xesps.cloudapps.cisco.com
aiGg5fiOwIZNEjLNNuxRXlaQCDErogS/eIKn5+2sDQY=,crs.cloudapps.cisco.com
OQf7znt8uuZAN913+3oddpIl+3rvwMOUXU9mRTyxY9k=,www.wikipedia.org
gOAoSFamMc2HBX8JeXN/aZPPK1g0CpHcLM7AQTngoqM=,wikipedia.org
jdXTuDVO0QgQw2jK9s9nc1a0TDmPUG9+eLk+lj15I+A=,de.wikipedia.org
buhlMYX0CPW3JY7EAu887PjKPOU+/ZJ37/OE3M/xAEg=,en.wikipedia.org
xzTxMyN343nAWuOgr2XVRb6HZ5Ze18/VlXX2SEHAeck=,pt.wikipedia.org
MDGv7Knt8aysPBvAi/oWL3Foo79UPBQreADZgw5L7Pc=,fr.wikipedia.org
mqJRxLQ9gntAaXAtq/UEPkQgsF46yRTy0YjBfnNupEY=,es.wikipedia.org
gyP3jwNRlhyEA3lglhRKnR9FSuksITZrR8TFuTh+10E=,www.wikinews.org
GZ8VjpThLHGt5wboalfnQqGTALGejp7czCaFuD0onG0=,wikinews.org
IJpZR31PPTIblIhPDmsVscMA4XDTeet/eG3oIMRdkLA=,de.wikinews.org
3qIV+LlcYr2G1PT332B8G6SaYfyUlieT/7w34DJa4BA=,en.wikinews.org
BwFYV4wYKj3hPNlatPefvztJBqXKNUo+qF7Nm+uDvyg=,pt.wikinews.org
2cQDvhDFgz+wsJ/3zk6DX6Vw7FLa3Q9pDFWrO2gKzSU=,fr.wikinews.org
Ylr65eDPkiOFWOrrKBe8OU1qWqFv6+IeQU6+/fFso5s=,es.wikinews.org
vCEOG+PR+biz8osjT3UkwVHLjSwU2irBjOGtof/XzPE=,www.wikisource.org
051PFe8qqWWDh7GXa8ja99y9iYI4Wk9+C0bV8U9NUmk=,wikisource.org
0rus0eEn1YwgbPYzHTEK8ObTRJe6cvVRKVnUb3m7v4w=,de.wikisource.org
Ity5BvtDCsAI7ahOWTvuTffAiV/Jj8jZQ1rQ77mBpjI=,en.wikisource.org
88ZMRbrRg57TOh81xEVUutnm4afymdn/DbPIpq4dkCk=,pt.wikisource.org
tVEMZQm2/qjqGm6S5tTx3mQM1Xs8kZkwvhexZSrXYr0=,fr.wikisource.org
bMtpmGjj72LaWBbh/wV5SBh3Y+0pIJJPMtLCAasRC9w=,es.wikisource.org
Gd6b0cqtYTOltrib5cIxs/Xw+cy8o6qC2aFpun1uZJQ=,www.wikibooks.org
rZwb4X9ZDGzo2mK4rIR0iLD3vaUqmRfJGlPe7GJ1dW4=,wikibooks.org
0mFCpbtecsFRsnByH0PP6iE5OQe6xIPjlEyXC1LnvoE=,de.wikibooks.org
74owy12dQR68BteZpySVyOZSWtcs6dXp0L58Emo11Xs=,en.wikibooks.org
sm/hrtIJWinA6Lq+lzcyU7holHH3sL7ENmDLJQFMZNo=,pt.wikibooks.org
EDp6jLla7gFZxR14XXATmQi/ZOqn9KYLs5Y2A0w/V0s=,fr.wikibooks.org
uo5CUiElhJjUeKXunRXDKvb7CLG9wlC7g50kTDUsW5U=,es.wikibooks.org
Y05Q1NRd91wMyPJvMDNSR5dwHbodaFCYWeJPhlChd2M=,www.stackoverflow.com
Xc7cAsRjFQUXG8/xQb0o1ow0EUOMwBW74DhuET/ajqs=,stackoverflow.com
60zOeJ9wTHenSY7gMn4FWotP4/WCJVZcAzF6OlbXaD4=,unix.stackexchange.com
hIXbX/6ElrrshBdWIL/hJeTDWK3bFtizdhwL0sBQRys=,stackexchange.com
j2gDpSSYD4MsrtRcMumvkWJrXqHmC/0lMnnJFVSjddo=,tex.stackexchange.com
WAKFIqLsfrIKbyqsLh4KxFHBSP0S+7eH/u38BZtaD1Y=,www.stackexchange.com
vXs7bQSPWt3ft9EDUPGOHCZaUKGl0+18db57HEskpU8=,crypto.stackexchange.com
EPgHcFw33hJaCBjiz1pk+uXD52FlAXNtI4pzCb2rAts=,security.stackexchange.com
U/zHUHejflkJflt7Z+7YC31DEZBgrcqx/qpAUfsPJU8=,www.serverfault.com
W5S/dGQfCwHrBGIcCGyIuTO9TIJhhO8vqio7ISy+epU=,serverfault.com
C8pX55URoMkWBVNWCSqPCw3P0A0EqHQylfyZVn7J+vA=,www.azure.com
3K1b+ee+nU+v3GYKx+VHcPSCMbfYM99yxVzhDt4a1fo=,azure.com
MCGDx2e5EtfFDZTBraySLftEWs/hd6B+oSyd6f/kAik=,feedback.azure.com
8ajQ4A1ChiheIFhKmwvTBkadcOhV7LaZUxNegYFT6A4=,portal.azure.com
7sFz4yX03B8Gqz3pRjPLc5ugHOXcv8ev8ONLNQiahqo=,management.azure.com
gOTZxrmKTolDJtOBJOJ8vAFsynUZoq+Ei8+aAJuV3nM=,main.iam.ad.ext.azure.com
nXtQjoolwv4GrXa/Aj8b15ih2ThFfMENS1gtNZkafeY=,iam.ad.ext.azure.com
XuT74TLQdr3Yq+pbxjg46FxqhiHjEYvVx04MDw0BKcg=,ad.ext.azure.com
Gn4StcMTpHsi8un6FSdAw6i6a1+riXedsPTzEYm71KM=,ext.azure.com
uLGvdoWs5GfSkkRMuJUxxqz6P/0vznvglxT5/Hdd6tk=,reactblade.portal.azure.net
HgOgA9lRMmXMFOusRuayt8/ILuT7WOPlwA9Gk48fweM=,portal.azure.net
1M+18LKwEAmjJVHsAK32IiRnxmxPp8X1k+rPm1AFRVc=,azure.net
3crM++nTca/lSKhn3zSoY5SEZ0QdpBzoomnkWXnP4BA=,bcamp-api.chinacloudsites.cn
WzXSw95VHxRNqq23ce6UeN2BI0b23zlanwhqpIIS8xc=,chinacloudsites.cn
JtJZ1CiDcPZfbaF/01HjVWUsMNzVbbHRWMRRLeFSxiY=,cn
MzHzdxdpB1FDCHcbydR1jJ2CGtXHZEs6sZ8QF1GcjRA=,www.azure.cn
ZdwIXI5FSDg2Gj7ErlWRbTyIziolPnk+nL3IkcoYbwo=,azure.cn
YwwoEutN61ET+zSDVbv2ykolRtJGBGS70+pQHV8w8sc=,assets.uvcdn.com
wR4g7Cbgy3F9w9y9dsW5I9wWSwJe1+GvlNhPFRY7KuM=,uvcdn.com
0ZjzAQjX6FhIWGjvhNu/qhYte/3olCnD6OdIFfyBDfA=,channel9.msdn.com
EdXRkNDBRWtyxT5tbVOFjtgqW2v44R+0WC7yyGrXetg=,msdn.com
c/y8EtYHSC0L24L7qGXAJCDeBzRk7O13KS9rsr2KeOU=,www.msdn.com
VOw5Omzrq8/TiDIk8T4ayrsVqBW7UN/mCTbMsC6CmvY=,afd.hosting.portal.azure.net
8xi4n9HelAgc3JNtuHIE15QbFLgpLrb5W6IsfjVOeho=,hosting.portal.azure.net
B1BLYRtRjbiXa0sSVCkh3bfk4RGSEjsnctVyu+kAbb8=,security.hosting.portal.azure.net
rFZ0HeV2+k5R/3Jop/7gse5makIvY+9HZgDCz9WQo3M=,azurerbac.hosting.portal.azure.net
Zp5mvDu7X31/HMUT+Te7Sc+jEqh86FeZQJ9FBJ/TN4c=,widget.uservoice.com
bvYsdYOPfbA4fYK+/Dt/OsF4nxfNRGvz8suEVfdtN5Q=,uservoice.com
wA9USN1KVIEHgBTF9j2q0wPLlLieQoLrXKheK9lkgl8=,bugzilla.mozilla.org
FlIfVbY8V+gXNmQd+bdWPR7fqWDuJEORXQw0RSe3AiA=,mozilla.org
xjeuzaibLH1EaKt2ofIk7NFAVICtcx5WkU+wRJgCwqI=,support.mozilla.org
dVwhlXEtCQsYDlm4K/k1wd0RVzyV7M7iY9fPVL14HrQ=,www.wikidata.org
5IBDWviCjN4DSHrka5fuZ3Kx8Qj5gB/TZKYArtZWmEU=,wikidata.org
jI7EfyyjeZOWiwgxUVGzaxj9V7IllDlUS4zLDNvWtoI=,docs.python.org
4khhvUsMQRZhYrosjfxC5sfEzm+f3pSM35yusBId6U0=,python.org
spRpmZcLIkaUhRsjA0XSsLatHOZ0GCLLVOGSvahUW2I=,www.python.org
H/03lEwiio+ahpoa/GwiBKDvmMx4ocuLxkEGqoJkNzA=,www.pypi.org
KKE049HFpjLn1/Ohg2LOs8VepgRVQ5XlDz3n5U33LyY=,pypi.org
mouSFjRC+cIQahueEVsdYCDTdR4LZ3m1rnLZsBRBuQU=,www.cloudfront.net
nWsFriNXanROL1rhLY0IGrt9+1RAyaXgHy0X+xdfYpc=,cloudfront.net
ZpHRKfJXNj7anwKWtHMOh2TswY3IptLKiZ1HURjjBcg=,www.slack.com
vm2QJMhfv2OL9x9nshmb+BO636j9Ec+ArLF5lO9g91k=,slack.com
sIhO78kAVZsRQMDuw+NydV+F3pglENY99qXGqbcnLc4=,ca.slack-edge.com
Eg/U6MXStehhwImEEoEc+oNoqGEXZeZ8+9JMOlymauE=,slack-edge.com
2a134BxqpfwMJ5rTJ34q+G4Ei0QMKi4v8s6ZubHiNIg=,b.slack-edge.com
B2RhgFxhniP8uC3wvyMmoOVOfvKo16B8d0z3J4UGs3k=,emoji.slack-edge.com
YmDXFKGIyyljZcrqln86K4LAF3ZQgX71QID+C9Nvxus=,slackb.com
iB//ZOwRFLmfX0B2Wz25PQKJQyiyDgqmnnL/PMKiruk=,app.slack.com
1BsAHViZET9s5LfGGNJWpW7lGWxhJdh6KDxPDBM0LXY=,www.twimg.com
wZU3atDOXaxKkaRgSdlWwB4UYjulRq46SGnIBij5I98=,twimg.com
GUMBCxLSZCR4SQZwNKF01+nd82RrNQf4e6FIoaTS+0g=,ton.twimg.com
oi5f7hBoD5EqScOTso9bsrSnV2lAwKidRwoAjLRgzSk=,abs-0.twimg.com
AYn/0RUuCA+dtfJ8evM2C7EY0gUuiaPUwyQjHng621k=,abs.twimg.com
I/1WWzGC3ORCzIiApYPQWeHZLoi50Q2mdlTs65nBysI=,pbs.twimg.com
w9PhVCzIZLgpdM+5VjAGU5q/o7RJplZO8WHOogeI4cE=,www.twitter.com
df0sSkr4gOg4VK8d/NNTAWFtAN/MjCgPCJ5ml+ucdZE=,twitter.com
kY2lx9mqiBWgjWMCtFmK5e042iLWYpvFEN9uDfMwRSE=,readthedocs.org
keJojXSneuLTTOGClrzbiGtxgNG7BinWDNc0ui08Vp4=,yara.readthedocs.io
H1bMFOcyRoF7X2HEB+zKBt/10EGi06i+xHmXV1DstG8=,readthedocs.io
QExMy5Xp5HKns75/Iiteo2wCAzhwkfYOnhlT3tkGgrQ=,www.mozilla.org
2rvzNr79/gGrDfFdIdPSWBg5HqqPQPoBer6AdbuaZyY=,www.mozilla.net
tdqQ+RKdvPq28jyp8x1Qlz4IVcXPln+67YiYOJP7T/w=,mozilla.net
yGR5L8ZXkZWO5Hvg97D5vj8Au1qmkpiQWazxYdiIRig=,services.addons.mozilla.org
o86UxoXWfLNratORGx5yI/J9WOeAqrScmx8cL1p+Fpw=,addons.mozilla.org
gOisgvKAYoTlX6Nm49kykGY4X6ARRuDyw9BXvxzDuDo=,addons.thunderbird.net
rkTk6OfZY0qvKY3MAAgy9XOYj/JCObadqjc1QzA7uco=,thunderbird.net
qqTR1IiTQiCQxwyg1TPI2iPm2+KcbsvsgFfQcCdvRiM=,www.reddit.com
vZbE6Xu4ousnTkHMwnGx6/MPhx7xFQF304pjzg3PgGw=,reddit.com
u047F7hR7ILoJVJ5T/ORmbs8yUYT+15jtzgTkR1r6WQ=,www.redditstatic.com
iPITrN4tUfsqqayl514C4+xWU8ZSjm60vVI+k1fOGCM=,redditstatic.com
bL7mB696Jpzvr+wMnkCVhCgYzdYZl0EPlrT989jAyFQ=,old.reddit.com
V85YVG/avkTUOFCyWZDUcXU4MWEXPralkfrlXW/QoG4=,www.redd.it
ZycmiYL+yg13/Q9bVVX+KIDZHtsX8zsTsnNi8qB3lnI=,redd.it
XdDjBGM6f4AmMm0FZDw1ry9LGv4TZG3M6Ad+0KSi98c=,it
BFJZHz0/kOg4hCWwA+JKcVj9E+PG/RsNsBaQa+eJAAw=,www.redditmedia.com
NbDPN/QLOikXIGpFGxPPBcmGn1o90SH25AWnyruN3T4=,redditmedia.com
P1EvqsN2Q9uKcLGofz+lMvLj4U9b4/u5QgoRbJ3+HrY=,gateway.reddit.com
RwGnJz+J1FbC+eaeIfm/86PJ1efiY1z5h/6EhCJMcn0=,gql.reddit.com
OWO86hsXdK7JnlMHV+3qTxWMWXFbhSYzQ9JqtBUDkiU=,www.disqus.com
p7Vhv8G6MdwUm0afLFNiG3eytjryNb+2auoH4/85+hI=,disqus.com
Z6Th/ub4UCHz43is4SE4Vae9WtQN77z6sYFAIWbloGA=,a.disquscdn.com
/lGWu4CgiJdKbOdyo/uOOh6AGvf6mP7Zj2TjLi1OIb8=,disquscdn.com
TTu3c3bf58v+f6wXKrIaMRJHAOePfSm2XNZs9l6GJgQ=,b.disquscdn.com
bg2xFWNz4OHijMzlp7KFkb2HgFyTUKYp7e3Zu2uiDIs=,c.disquscdn.com
eMIhdBIeGO0Ugn/hljmbZogTnAA6ZNUajhwz+oVcsH0=,cdn.cookielaw.org
kiVYZeQAqRnsTuhipyyOfHJxAOVIKGmki03XAKxxeyI=,cookielaw.org
lIY3VfAN/29SapXkyZIZuuK4pOS09HNbB/bkDSzaTnM=,www.cookielaw.org
qaDeFdT1UTirY0OQe+c5LKw+zjx6vF/+3vFh7CgrAOY=,cdn.jsdelivr.net
jJJ9N4lepQ8VX3MBkDaZnqBnMkyzOKrKj/QlWP9AAm8=,jsdelivr.net
Wnk1Woi8CQQdMBqImBO3gVUq5pp4MSgAhmQafkGad8o=,www.jsdelivr.net
/VfiBGkIXip4Q8zRkQjWM6M2ec5UAwjM0Pe7EbAVj4o=,cdn.ampproject.org
PJycxy1qhrmGsqzM0KRp/9+w5PpkxaCoRXUDbWUUYO8=,ampproject.org
C1CSGkxjy/gWu3yzam82BHYRtuJGEQMraLjmvzclqG4=,www.exploit-db.com
KyvTC/85tHTu14P3YZqsbiOcZ6AFjmx+6gO+V85v9mM=,exploit-db.com
VdcctgZNEZ+lZAKIWmEX2+Sz1Sc4A8MaN8v5vt2Da8w=,www.bsi.bund.de
qI035II5+2+fo5kM+EHtmAzHfkCUL27WV0p44sCx8iw=,bsi.bund.de
kg76/H2N15rsS3Tm/RfySLNSI/suBd3SBe49FiVglxQ=,bund.de
CmCoWURYPLgxM8DHxnMjG0cf2uVb6fKjdVVwskdFM6U=,www.licensebuttons.net
dU3LglvzW9o4BgBVb0Ar5g+NZjJNyZMfVncgydLHIV8=,licensebuttons.net
WhnJUA5xp3SC0QTjQcML3oDwiUqvjtbaxiBCoyx2E5c=,cdn.shopify.com
cb3iKJhYO36syaavSpws/hkTNOv7qrI6UYS4YRq6VLU=,shopify.com
gs7gxU462lw8F7FOMscgFdqe9NXfjj+PGFYM95JlnDU=,www.shopify.com
aDze9oOabgpnGcMOERLrA+vdHxSL03MIu7EEzEyKkig=,privacy-banner.shopifycloud.com
XnYyuKZWdo8UNmMRgfLxNPx/0K1y7UM2zjs2SeJHPRs=,shopifycloud.com
+P6nd1Vss5od2+XfjM9Z/MIXK4dY/H1wfDw3xzjdIno=,productreviews.shopifycdn.com
9PezxkD47k/hziZSPoOvAZCczGwHUYz03OQdzW8BDjc=,shopifycdn.com
K5hwl1mTSKW8Tw5XuIAkRw3WEYl0PN2SK4nZFwhKCZ4=,www.archive.org
JmTV7X4o2U73dL8CG84maprd9u7td2q0cWeTjf9qI9o=,archive.org
GGApl7UvK2CYbnERSYSoCoHcYUdXwzjjAzjTFCIkpg0=,i.imgur.com
r9yq0liRNE2QsC3y8KE8dkmszle+MxA0BUkIdZE0qjQ=,imgur.com
+HZzt4uZ5Ima0rdlHSJO12aiTimiWWFUXxET5YcNhAI=,www.imgur.com
2dW2k6ekl7AseIfQAr7BYahCPtUkStXEEKon4E9Kb7I=,files.dropbox.com
S+3vYVE4S/c9/KzmvCVwna9apjTEHS5GzOjkfBRTqng=,dropbox.com
527PkslNJ5hZXvFN8wnZ9XoURjT5ddTDW+g1qaWZyQk=,www.dropbox.com
bKEhQRw0V7Dg+/nLtX7OCbWldSlIJMFxzznFkPbuRr0=,www.wolframalpha.com
UnLWisSMwIdfVm+rkuaqmyr6EwZdNurfwzfme1p1U5k=,wolframalpha.com
wR6NmR9J0zf1gFwYKCOCRzRqfWviJdBRcpUiF3h3wS8=,www.tinyurl.com
C/Zziw74kAmr/6GM027gMavRgKwNu5BEqzEScH5jcOo=,tinyurl.com
gbhhf4xe7r7S5Ya5b9zB3uKlDQJUCbSn0hLgWHl/rio=,www.yahoo.de
32R9zsO7yGzOh8uhXU0w4AwSkSxCWDWYE6OQgnWiIxM=,yahoo.de
2nBQb5KTqUuT4dbsJW4q9LtDqEidlMCm7oF0vdViOUM=,www.yahoo.com
nulBZw3PWGtXBViL7/NFvz6Q0I0o+R8SmBjmFGfK5Jk=,yahoo.com
7yBtVOhmoyf8ySIgHWJY3Kqgw7BMoXekk5WEEWrZT3w=,api.opinary.com
Euz7QL5AzJ37Og4aJcr2tJmmzE4KYDayaWlRjsu55PU=,opinary.com
bbpahVncAybvMFDTFTBVyqkEYPrWP7wMm/ugd0LhaHI=,www.opinary.com
jQHwxbrlpQDFtqj6HIqWrK1zC2bZuzvvBi/zFePhCJY=,marketplace.eclipse.org
FtHDLmeXW6A39gLJSEhG9WjRPJDrJHdOEUnezCA6ewQ=,eclipse.org
Bb6CfwBW9xa4G2DyhI27lujzIm9QMX4njeP0qgg7n+Y=,www.eclipse.org
CzjynaFGPNQYQghbT6jAQhfYxGmBBmO5h8vm97Z3bXs=,wiki.eclipse.org
2qPZeP4+lF3xnK6SdabUihhrz+iqY9hBFIZcIgeuwb4=,www.cvedetails.com
JwrE+/Xp4MqwajH5vY9+hPuWBkcbeHFLcpgZgRwVF9A=,cvedetails.com
tNHSTQqDj22ttdS+95MstMMZZPXUDXrQbWkHCRDr1Ro=,www.arxiv.org
0+LJwv5Xwwv8LVqc97y7snyqAq7dIzarsTvS4o0Lrs0=,arxiv.org
OJAwwDug+gPr+xWjx2kFIFhHDQULu5ljftVMMZ74I4o=,use.typekit.net
JfvH/4xzH4hMd2j01YOmHGM1uiuXnh8qaTtDz40OrGI=,typekit.net
vdPuY/8JTGaeZrjClqIYhVz490HcMibIs+hNI5YWLak=,www.typekit.net
g8BnbSVDcxRa7d8kMfnFdsdUvs2xxUEJ5/YiRm3jY9Y=,confluence.atlassian.com
iMN1s6lM9nlIC1Xv5chnQy1AWjxWiwTQQw1BM3mR+Lk=,atlassian.com
hTCRaDLzUw5ntu9u91WqvnL0vkPeJSeKspn0I3vNnpI=,jira.atlassian.com
BS14lpaHAcIOtC+gNpZs1tvGkSJJ6mUySo2rlInJ9yw=,www.atlassian.com
EiwSPH0RlPpLCcAfMWoWdxrYxgSOmXnwRaEW7xO4qkE=,api-private.atlassian.com
j6md0fxp6QYNP8B0wy4GhW10q925k2nmAkN+LQsMG6U=,www.ssllabs.com
8cu/cvrJiWLG1o7VgKcllIqR07LnctLl9PITxoSQ7Hc=,ssllabs.com
S6TB/rfeUJLo6E+rKDj7jC1rBK40zKnQgt+wY8cM0g4=,www.lenovo.com
UkHIRQ879NLpG1gNxZmi7910TCTLbgnHGtr8pGq7Dis=,lenovo.com
EBUhRt2iX9nfs9mcAS/zwLyG5fkqJfV0M8Kyz2cb3YU=,pcsupport.lenovo.com
jPqNKEp02WsimkQ+CHqsY3YD2bf7odNDFImoCPBEv8w=,www.unpkg.com
e3SziuwfuO2UvuBno+qkR1ObHAzZmSUoJhrc7dbP1Uo=,unpkg.com
xdpogVmwKnbrUhZ0pStvWeD51Tf/q2sRrE77L5y9qW4=,api.usercentrics.eu
96bEdQ+rEU+0l7q/aTJ9dzkyMaBiMKt51xqs+YIrnjI=,usercentrics.eu
tBVeW+fJir87vhxoQjoMGAy0ZcI6uJkZF+s6u3qQMok=,eu
daP8lxWqwYD/Gmh6rRCFP03P+WrX0XvWDcSZoFCaPcs=,www.usercentrics.eu
xWN3GRrmJvEaSJYUhnrNBLeQWqYL6w2UrK9/GF7vthQ=,cdn.polyfill.io
jDMdr7aEOGbZbQxxsdKfGmneuxTa92oeKnxx0cQUCI4=,polyfill.io
y4ZUhLratYfhDe5WxPAXFIzOlBQobkHSQ4uN71Gn69c=,www.polyfill.io
xpPHfw83x0m+vaTQQHGEtuy/xZ8kgpvC8K4rTYuGWW0=,support.mcafee.com
tFvDg5pd5cyxfCrk6Y4Glzzinqj1o6elUfJ7Tv5HRow=,mcafee.com
tGKHxtQZATkhHSkAGuAM8E2NXyuVJYQj7IV3xOoi4uc=,www.mcafee.com
V9v2oQYZITDSIDXqDaEaUUzmIVrguoXD+z7U2WmVE/U=,community.mcafee.com
o+n8XHpWqjk2ebBp67wrwue8cVtzsZu/1lm+u/g6jJg=,www.wireshark.org
kyME6gQrecy0zXr2Ndk9LJmYGWMYeVQgdcSFwjvJ1Y8=,wireshark.org
ZxzRq1v1P7qo3SQ12aEwsVm50oZKSs3n8eKWO+Qu6kQ=,osqa-ask.wireshark.org
l8THcFjNUi3TEj/QDk0fMTVCdUNoIrjTKW+ItjSAtKw=,www.eff.org
yeCh4pS9Z4eXWbloCTi3c5cFMLVzrOdNun88aBbfPzs=,eff.org
0P40BPpyREe4OkRnUw9KsARx7ljkvcmyG7U3BwvKN3c=,img.etimg.com
gvowcO8JR7bvuBw5pfCLHyyRvRVlRDTakZ1TiQoLOqw=,etimg.com
56PcyBp2bycgzsC1S8wTw0Rl54gEVl8XHaKJHVbKXCo=,www.etimg.com
fA/WpwIiCQPJ6J6cjFfzqEi8eGF5CrvtRalI9GZp6LQ=,www.openwrt.org
aP+4wzp7ijjmCPybsPqmu+ybGZn/B41JTVYJbDVBykg=,openwrt.org
nGsg/o/nht+mEx+wCkp04Ew/ym9e0yP2Ohqsc7BgdOE=,wiki.openwrt.org
dpd+olgtewBVVI7QCdgSCdrmAu/GVVP/1qayO0tuOY8=,forum.openwrt.org
7SZQ34sFhnhSg0dH6Vi+apIvXOuEQgjEJoBusmN/cTk=,steadycdn.com
2qI7q7TZkdV/qWLxLfDNIgCASGlJrFeevjXU+2+gAH0=,www.hstspreload.org
OU7M+fCzRbtFsTbsaNoyy8haidwjIxcauwaqUTmBjAs=,hstspreload.org
RNsljhzQrppvtsaSJ2jzGCoQt5mAXe0MwslIjeUIK20=,appleid.cdn-apple.com
WCluu8uvzt9kjejhsoA7C83va+GcP+BSLgl5n+iaBQw=,cdn-apple.com
OMEd/OwZhfhkDrAahlTDVTb56sxsWwoq5rkKzikGXYg=,www.synology.com
sIUmnWcPZP/yf99Yq88TNVRxOONVbWmovNBZE2Idr14=,synology.com
O4UZq2JTDTFfFpEjbKMvjwsfpsZZRJOqETAmNRusmes=,www.zdnet.com
JCt41SWoC/3SoDUuivkNM0kFCMDOcwctuTW/4ARer2I=,zdnet.com
rag6zUxZyYKeWUBk9yUAORQzHrK9nwXhLpLSWKaZaG4=,www.w3.org
6q5nWzBMBW2Se6o1hwDE0em5t+UtdviMLZra4Z3JkW0=,w3.org
Sj7GuVP7lgW9kCK/xkUGWBz5XXxA9k3O+ycF6h8g0rA=,www.kubernetes.io
6Kc+hViUhgFOl9o0lzFcP8KRK4/v/TjOrcnT67Lakl4=,kubernetes.io
WNR+/e6f1R7NzTYo4X4gShxY3wwvsEgkUbFfzcHTnU4=,admin.govdelivery.com
Jz7gFKsNP5KQfs2olZ3HfmCLXshDJDuvKNfkkwJgfE8=,govdelivery.com
KyykhnQNrvSlKPurRyINgOu6oVBSxZc2o7qgj4puL2U=,www.govdelivery.com
AP6ZVm8Gv0CBKgrMoBFqJFu7O0s/W2uPfARwDXhW2KY=,releases.hashicorp.com
Sv6C50NBDoNQUqJcGDBjbFzQpu7ZwvR5ABHj84FBI7c=,hashicorp.com
te/7u46iglyoj+NOQDfylXMaDb+A3H5tO4uUnSyRAKI=,www.hashicorp.com
uKOo81trppxWDKxU7r5V6YAMy/Pk0DijWJtSMN5q8oI=,i.creativecommons.org
CUBzKVrtNxES3r59Ozz1GhzWKco5/t7H116DzgAYMQA=,creativecommons.org
RF8TKSP+tufqeexYmWmnx2rP4tddPCWwGGb+m78YtRs=,www.creativecommons.org
l/TWewdxaRinohX7PXdjRoYXa+PP1irTA+tU8sKCQRA=,www.akamai.com
rkBxNzrw1UYtStJKxFz63Tk5IeN6jdR7IyTyZ2os7+Q=,akamai.com
bXGiNtP40RrWTskyGJkQU6D7rZxObXAeQ6opySzKNdI=,blogs.akamai.com
yelkhmlFsHo0DWxpXClniJIkroYXTIop1zilWP2DLDY=,akamai.secure.force.com
VmQ7N8VO/ZOtJ4GTjKYxI4N/nNnHxiooCJpNcQuONCc=,secure.force.com
4tmcrzOMvRS2cmWL+nMZudPNSwRz13XRUtREmDnk/VA=,force.com
v0zMlx1ALrrHMN3apwzhIzppQfEWLzzHyIlH757BZHc=,www.nist.gov
xEr56dXiCj+KEAxzbIftUcN1jdZXsMydbSVVs3Cftwg=,nist.gov
j0uHtDLWIC2lfwJXTdOXuL5H4PQ+RB8Q6MPBAnlXdQw=,gov
GKCjG18PnAJe/k3bL0l7Kp0onfP9eg8XAAq7144STtI=,nvd.nist.gov
26JO52mqKkT4b4crNbzX1w0dPX9RHc9rJnqtdjP55Ik=,csrc.nist.gov
NoCGmf0MqrkV3xmjgy44yO5f4R+gilFzLx3LHQv4ew4=,www.sap.com
Lf+2r1EdSYECRzKbKgYiEb/PEKOd0Ba4/rdeupA1+hM=,sap.com
MHU5caAg49n/BZHvuUL9sKQUMTmYBl7hhUd/+OrrLaw=,help.sap.com
xAr6JjZVEhWhseZsVLNtZtIP42Xnjq2f3OC6VJxZwdo=,www.sans.org
mUtYhd9OY+kPtyFTO5ffqsPsWmqaMNnaISmQcpymfWw=,sans.org
6AmP8FjoMMCDLJn89VtKpTRjp2Ii2rYVGdTcpgPkGg8=,cookie-cdn.cookiepro.com
4PQVVS11XdDtGdznJI8w+MbF55nn3NtlHSK5L4pkjtg=,cookiepro.com
hFzq9ohMjJxZicmSf7v0o2UPMlLpjB4wRj58ugYhLwc=,www.cookiepro.com
j6oR91niQwisQ26g4+btOX6Z02zh7lIZ4uqb9Qh6Y1A=,www.content-security-policy.com
J3i7e1eH38+5+oeXgXblYIDyC3Fe85mu81wdmLCEhVk=,content-security-policy.com
9UvCn9o1ynqURDIUGaQxoozSUYPXtPT9FELAxBKoxh8=,maxcdn.bootstrapcdn.com
5chRDuzUQSfuXTkAn5bet9jPDgK9VwGAnHflDFH/sH4=,bootstrapcdn.com
Uyrli2iNUl7adxYuW4Sc0caPBEqMOxhkEtbBoTgq/xs=,www.bootstrapcdn.com
hCPjGH4JsxXGYY2NIE3edxDFjufCCbBdlFUocS2Gjuc=,www.elastic.co
f8xKAuJ/wglSaHUV/pR2mU31HNfj39vnSCRYci8oWdw=,elastic.co
59f60Ezj/Y+uIFv5GVnoDzFZ1simzdJ4y/Xb9UJgOSE=,co
ZGYoD5Kwmp6HSQuUQ0LHpXJJ5vdI7c9OrP6z5eEJ5nI=,artifacts.elastic.co
JvJYUGkAgb8OYrtPpM1keN0fhmqKvChbHEY70xhtDvw=,www.bluejeans.com
i/lR3BsrKnQmb6GwVuutxH3itMvNHhFIP6XISn1dT04=,bluejeans.com
NGxHobi1NPCNtlAxG76ccktR6kNvYZ2VTLpm1fTXsyo=,www.bdrive.cloud
ALFrqWgLq8jwGWrPrPAllGCC4Hdiu9TQ6OTmIIbOAzY=,bdrive.cloud
/BMVh5GheGPjxFZ50OZDUA7zTfmGhHH1LsNtK74jCJs=,cloud
e5EMVCmzxIoyXP32HiNxez2KZ+9iBaiEjjiT5HUd0Tw=,shared-link.bdrive.cloud
I3galVm33LF1IzhisvmBawzPBor1RhjLxWI2kEi0xWQ=,s3-de-east-1.shdservices.de
Q+hKxVh12JiC3pe4GrHz/+ZN15hAI9Yn8+oLMDdPDS4=,shdservices.de
ecXuivxWl6HaKd5ce6lQMPlA+6BGJCK54ZQ7zuNtNZo=,akamaicdn.webex.com
WsXeiET8oAGqIDDDsMDftTUsUjTXXRNfcI+HhAk2TRA=,webex.com
Hau76RhjGwER5cM592PQ21JnWgFkfw9TnBMiSQMUzkA=,www.webex.com
O+7zVXny+otulyBaKoN32a54PpVWceFt/qhi7hg8wNw=,cdn.digitaladopt.webex.com
jvaU7ns3qvXS1Q8iKdNTG6rvzi0X5ypYwyLuG9sAs7o=,digitaladopt.webex.com
UIYdBzR3lX7KiKjNnzs0GAhIL20cf93fRwHAWrFE+3E=,www.doi.org
BOVxvkwVtjYd/wFouK4v4/gEZ+M1t76tI5vbjkCsg8Y=,doi.org
ck7LUPxpfeIUDTnq6dREfZiA8hKbevnt+6n3mcAGy5s=,tools.ietf.org
CbiugNrFwWZJfix9qoGr7FydyNB/Ui5A/Znden7nz/I=,ietf.org
TCeyEg2EhGrQQJfeX/MZIltQG34WZuhLDvRuiqtVKs8=,www.ietf.org
fTevXH0x+oOADt1m8Hs54kuNRpQQhdl/AyFAyPgt/tc=,datatracker.ietf.org
XK0O5D496qv1fmVL8yqBWMLf4vqFAmVg+HghhokvKRg=,www.mega.nz
jksf6EAyl7bmRch638IO9JxSpTO6j6z4IVaoX7iQOr8=,mega.nz
n05Hgk9LlxhKK4sBBjJY0okxg8O4dPFXGW1UkeKCYl8=,nz
vbEd4Vmw3fQcTCeiFFfo6u3zKF/XhMyOyRqe+raAqB0=,www.dhl.de
XLgdLiF2cUD36vYgUwKsDWq+Bx9RQD3JCIAGoerTilU=,dhl.de
t5bipSLZ265Z/NT0hr+l8qh3DgrjHZzE6vp4pPkp22w=,www.dhl.com
QMwjnFkOA0Uq38VZk4M8gwBRNRdQKMoKsxR5p1HisHE=,dhl.com
2U/QwJtI1Ga5gJ227Aa1bleHMnAtlE0l8hzKsTPdM3U=,cve.mitre.org
qdY2VHm/CUfI+QmPeWQNY3wp8JvQZO93SZRSY+GomXs=,mitre.org
E0JCVfIjEA00goom3QM1RLWPxoF17bcAJuaYN86QlsU=,www.mitre.org
JIAv05tP47ng3N7OXFxZfcdKjdFLKq3osuYW1+Cs5aU=,www.trendmicro.com
JabBVvNivImVv5l4RN5wTjrdBSsoQwhXlr272qBi5c4=,trendmicro.com
darj5Zsvc+9kLBYNU0gmSuPNA1snSrPsSM5/xMfPQR8=,www.sourceforge.net
efi7hHCYnzFT2i+cnRFd5rimofEU3hCEsKpKnFWCxeE=,sourceforge.net
N6uA4JYfKRoLsbxrmsgSkxmMHiBjJKPCbLO0NFEJ+9I=,www.mysql.com
KVBpJwS3BQbAEotool0c/d90h1a3/br5GNgjUpfxWZk=,mysql.com
f1wcuU/DPMT0e2vqK0IkriVR3edh88LxXxbrGdJGpd4=,dev.mysql.com
mAAFIbt/m+BQbUGHdEjDNP5DYMfQvDpjPttO6EpSYTw=,www.arcgis.com
gXW84q+6zCRXXn2OBjJxKojXUCNYhm7duXgEKZZrYnQ=,arcgis.com
Ai/2ZrlOqOyBZv8J/GngQGFLuiiUWNn94yUc8MWbvtE=,www.redhat.com
MRE0xz5i51o+GDR6Mhp5JZ07YrNRUkFcbzfx0Rfx2XU=,redhat.com
OJAuka8VeNs2ACcXJP/EQiF1MNPnAzSAPNjc+m7bXJE=,eu-api.asm.skype.com
0UsYbvHx0f1tIrea+WrGssClybvoK8X7AaqnYWHv5Go=,asm.skype.com
OGMvQuSrigtaBzjAuhTH0y38lgQo076zG1De5KIMv8s=,skype.com
FKgzq9L8kb0WiUYPPWGIXb2sW27Exn942yNKgwldhqA=,www.skype.com
TZmujbl93Yt3JI8wZ4X/zjkA0WFNGNW44A+o7h4YyHw=,www.facebook.com
7QzmF0xxCtHTEKYxqWspZY5pl1F0B90+PraFnPulnH8=,facebook.com
lSGqzDDfbS0RpGjhtoaogkcSD1LOBebdYj0He5PYaJQ=,zoom.us
gmgNdcqThewfQ+V1xfjRPuPFilXtQ+9ikaueSw6ndgk=,us
u2WJkReYsXLCOclN+AC8GwtBaU7RFzPZKjZGmxFdB74=,aka.ms
KE9pVJpv4dIg3fANVUEq4Kkz9wTbLd8clUmrnUw2Jk0=,ms
